
> eid@0.1.0 build
> next build

Γû▓ Next.js 16.1.7 (Turbopack)
- Environments: .env

  Creating an optimized production build ...
node.exe : 
At line:1 char:1
+ & "C:\Program Files\nodejs/node.exe" "C:\Program Files\nodejs/node_mo ...
+ ~~~~~~~~~~~~~~~~~~~~~~~~~~~~~~~~~~~~~~~~~~~~~~~~~~~~~~~~~~~~~~~~~~~~~
    + CategoryInfo          : NotSpecified: (:String) [], RemoteException
    + FullyQualifiedErrorId : NativeCommandError
 
> Build error occurred
Error: Turbopack build failed with 4 errors:
./app/admin/dashboard/page.tsx:6:1
Export default doesn't exist in target module
[0m [90m 4 |[39m [36mimport[39m { useState[33m,[39m useEffect } 
[36mfrom[39m [32m"react"[39m[33m;[39m
 [90m 5 |[39m [36mimport[39m { useRouter } [36mfrom[39m 
[32m"next/navigation"[39m[33m;[39m
[31m[1m>[22m[39m[90m 6 |[39m [36mimport[39m supabase [36mfrom[39m 
[32m"@/lib/supabase"[39m[33m;[39m
 [90m   |[39m [31m[1m^[22m[39m[31m[1m^[22m[39m[31m[1m^[22m[39m[3
1m[1m^[22m[39m[31m[1m^[22m[39m[31m[1m^[22m[39m[31m[1m^[22m[39m[
31m[1m^[22m[39m[31m[1m^[22m[39m[31m[1m^[22m[39m[31m[1m^[22m[39m
[31m[1m^[22m[39m[31m[1m^[22m[39m[31m[1m^[22m[39m[31m[1m^[22m[39m
[31m[1m^[22m[39m[31m[1m^[22m[39m[31m[1m^[22m[39m[31m[1m^[22m[39
m[31m[1m^[22m[39m[31m[1m^[22m[39m[31m[1m^[22m[39m[31m[1m^[22m[3
9m[31m[1m^[22m[39m[31m[1m^[22m[39m[31m[1m^[22m[39m[31m[1m^[22m[
39m[31m[1m^[22m[39m[31m[1m^[22m[39m[31m[1m^[22m[39m[31m[1m^[22m
[39m[31m[1m^[22m[39m[31m[1m^[22m[39m[31m[1m^[22m[39m[31m[1m^[22m
[39m[31m[1m^[22m[39m[31m[1m^[22m[39m[31m[1m^[22m[39m
 [90m 7 |[39m [36mimport[39m { [33mGlassCard[39m } [36mfrom[39m 
[32m"@/components/GlassCard"[39m[33m;[39m
 [90m 8 |[39m [36mimport[39m { [33mGradientButton[39m } [36mfrom[39m 
[32m"@/components/GradientButton"[39m[33m;[39m
 [90m 9 |[39m [36minterface[39m [33mQuestion[39m {[0m

The export default was not found in module [project]/lib/supabase.ts 
[app-client] (ecmascript).
Did you mean to import supabase?
All exports of the module are statically known (It doesn't have dynamic 
exports). So it's known statically that the requested export doesn't exist.

Import traces:
  Client Component Browser:
    ./app/admin/dashboard/page.tsx [Client Component Browser]
    ./app/admin/dashboard/page.tsx [Server Component]

  Client Component SSR:
    ./app/admin/dashboard/page.tsx [Client Component SSR]
    ./app/admin/dashboard/page.tsx [Server Component]


./app/admin/dashboard/page.tsx:5:1
Export default doesn't exist in target module
[0m [90m 3 |[39m [36mimport[39m { useState[33m,[39m useEffect } 
[36mfrom[39m [32m"react"[39m[33m;[39m
 [90m 4 |[39m [36mimport[39m { useRouter } [36mfrom[39m 
[32m"next/navigation"[39m[33m;[39m
[31m[1m>[22m[39m[90m 5 |[39m [36mimport[39m supabase [36mfrom[39m 
[32m"@/lib/supabase"[39m[33m;[39m
 [90m   |[39m [31m[1m^[22m[39m[31m[1m^[22m[39m[31m[1m^[22m[39m[3
1m[1m^[22m[39m[31m[1m^[22m[39m[31m[1m^[22m[39m[31m[1m^[22m[39m[
31m[1m^[22m[39m[31m[1m^[22m[39m[31m[1m^[22m[39m[31m[1m^[22m[39m
[31m[1m^[22m[39m[31m[1m^[22m[39m[31m[1m^[22m[39m[31m[1m^[22m[39m
[31m[1m^[22m[39m[31m[1m^[22m[39m[31m[1m^[22m[39m[31m[1m^[22m[39
m[31m[1m^[22m[39m[31m[1m^[22m[39m[31m[1m^[22m[39m[31m[1m^[22m[3
9m[31m[1m^[22m[39m[31m[1m^[22m[39m[31m[1m^[22m[39m[31m[1m^[22m[
39m[31m[1m^[22m[39m[31m[1m^[22m[39m[31m[1m^[22m[39m[31m[1m^[22m
[39m[31m[1m^[22m[39m[31m[1m^[22m[39m[31m[1m^[22m[39m[31m[1m^[22m
[39m[31m[1m^[22m[39m[31m[1m^[22m[39m[31m[1m^[22m[39m
 [90m 6 |[39m [36mimport[39m { [33mGlassCard[39m } [36mfrom[39m 
[32m"@/components/GlassCard"[39m[33m;[39m
 [90m 7 |[39m [36mimport[39m { [33mGradientButton[39m } [36mfrom[39m 
[32m"@/components/GradientButton"[39m[33m;[39m
 [90m 8 |[39m[0m

The export default was not found in module [project]/lib/supabase.ts [app-ssr] 
(ecmascript).
Did you mean to import supabase?
All exports of the module are statically known (It doesn't have dynamic 
exports). So it's known statically that the requested export doesn't exist.

Import traces:
  Client Component Browser:
    ./app/admin/dashboard/page.tsx [Client Component Browser]
    ./app/admin/dashboard/page.tsx [Server Component]

  Client Component SSR:
    ./app/admin/dashboard/page.tsx [Client Component SSR]
    ./app/admin/dashboard/page.tsx [Server Component]


./app/admin/login/page.tsx:5:1
Export default doesn't exist in target module
[0m [90m 3 |[39m [36mimport[39m { useState[33m,[39m useEffect } 
[36mfrom[39m [32m"react"[39m[33m;[39m
 [90m 4 |[39m [36mimport[39m { useRouter } [36mfrom[39m 
[32m"next/navigation"[39m[33m;[39m
[31m[1m>[22m[39m[90m 5 |[39m [36mimport[39m supabase [36mfrom[39m 
[32m"@/lib/supabase"[39m[33m;[39m
 [90m   |[39m [31m[1m^[22m[39m[31m[1m^[22m[39m[31m[1m^[22m[39m[3
1m[1m^[22m[39m[31m[1m^[22m[39m[31m[1m^[22m[39m[31m[1m^[22m[39m[
31m[1m^[22m[39m[31m[1m^[22m[39m[31m[1m^[22m[39m[31m[1m^[22m[39m
[31m[1m^[22m[39m[31m[1m^[22m[39m[31m[1m^[22m[39m[31m[1m^[22m[39m
[31m[1m^[22m[39m[31m[1m^[22m[39m[31m[1m^[22m[39m[31m[1m^[22m[39
m[31m[1m^[22m[39m[31m[1m^[22m[39m[31m[1m^[22m[39m[31m[1m^[22m[3
9m[31m[1m^[22m[39m[31m[1m^[22m[39m[31m[1m^[22m[39m[31m[1m^[22m[
39m[31m[1m^[22m[39m[31m[1m^[22m[39m[31m[1m^[22m[39m[31m[1m^[22m
[39m[31m[1m^[22m[39m[31m[1m^[22m[39m[31m[1m^[22m[39m[31m[1m^[22m
[39m[31m[1m^[22m[39m[31m[1m^[22m[39m[31m[1m^[22m[39m
 [90m 6 |[39m [36mimport[39m { [33mGradientButton[39m } [36mfrom[39m 
[32m"@/components/GradientButton"[39m[33m;[39m
 [90m 7 |[39m [36mimport[39m { [33mGlassCard[39m } [36mfrom[39m 
[32m"@/components/GlassCard"[39m[33m;[39m
 [90m 8 |[39m [36mexport[39m [36mdefault[39m [36mfunction[39m 
[33mAdminLoginPage[39m() {[0m

The export default was not found in module [project]/lib/supabase.ts 
[app-client] (ecmascript).
Did you mean to import supabase?
All exports of the module are statically known (It doesn't have dynamic 
exports). So it's known statically that the requested export doesn't exist.

Import traces:
  Client Component Browser:
    ./app/admin/login/page.tsx [Client Component Browser]
    ./app/admin/login/page.tsx [Server Component]

  Client Component SSR:
    ./app/admin/login/page.tsx [Client Component SSR]
    ./app/admin/login/page.tsx [Server Component]


./app/admin/login/page.tsx:5:1
Export default doesn't exist in target module
[0m [90m 3 |[39m [36mimport[39m { useState[33m,[39m useEffect } 
[36mfrom[39m [32m"react"[39m[33m;[39m
 [90m 4 |[39m [36mimport[39m { useRouter } [36mfrom[39m 
[32m"next/navigation"[39m[33m;[39m
[31m[1m>[22m[39m[90m 5 |[39m [36mimport[39m supabase [36mfrom[39m 
[32m"@/lib/supabase"[39m[33m;[39m
 [90m   |[39m [31m[1m^[22m[39m[31m[1m^[22m[39m[31m[1m^[22m[39m[3
1m[1m^[22m[39m[31m[1m^[22m[39m[31m[1m^[22m[39m[31m[1m^[22m[39m[
31m[1m^[22m[39m[31m[1m^[22m[39m[31m[1m^[22m[39m[31m[1m^[22m[39m
[31m[1m^[22m[39m[31m[1m^[22m[39m[31m[1m^[22m[39m[31m[1m^[22m[39m
[31m[1m^[22m[39m[31m[1m^[22m[39m[31m[1m^[22m[39m[31m[1m^[22m[39
m[31m[1m^[22m[39m[31m[1m^[22m[39m[31m[1m^[22m[39m[31m[1m^[22m[3
9m[31m[1m^[22m[39m[31m[1m^[22m[39m[31m[1m^[22m[39m[31m[1m^[22m[
39m[31m[1m^[22m[39m[31m[1m^[22m[39m[31m[1m^[22m[39m[31m[1m^[22m
[39m[31m[1m^[22m[39m[31m[1m^[22m[39m[31m[1m^[22m[39m[31m[1m^[22m
[39m[31m[1m^[22m[39m[31m[1m^[22m[39m[31m[1m^[22m[39m
 [90m 6 |[39m [36mimport[39m { [33mGradientButton[39m } [36mfrom[39m 
[32m"@/components/GradientButton"[39m[33m;[39m
 [90m 7 |[39m [36mimport[39m { [33mGlassCard[39m } [36mfrom[39m 
[32m"@/components/GlassCard"[39m[33m;[39m
 [90m 8 |[39m[0m

The export default was not found in module [project]/lib/supabase.ts [app-ssr] 
(ecmascript).
Did you mean to import supabase?
All exports of the module are statically known (It doesn't have dynamic 
exports). So it's known statically that the requested export doesn't exist.

Import traces:
  Client Component Browser:
    ./app/admin/login/page.tsx [Client Component Browser]
    ./app/admin/login/page.tsx [Server Component]

  Client Component SSR:
    ./app/admin/login/page.tsx [Client Component SSR]
    ./app/admin/login/page.tsx [Server Component]


    at <unknown> (./app/admin/dashboard/page.tsx:6:1)
    at <unknown> (./app/admin/dashboard/page.tsx:5:1)
    at <unknown> (./app/admin/login/page.tsx:5:1)
    at <unknown> (./app/admin/login/page.tsx:5:1)
